// Jest Snapshot v1, https://goo.gl/fbAQLP

exports[`Home page tests HomePage matches snapshot 1`] = `
Array [
  <div
    style={
      Object {
        "alignItems": "center",
        "backgroundColor": "var(--primary-bc-color)",
        "display": "flex",
        "justifyContent": "space-between",
        "padding": "0.5rem",
        "width": "100%",
      }
    }
  >
    <span
      style={
        Object {
          "width": "16px",
        }
      }
    />
    <p
      style={
        Object {
          "fontFamily": "var(--title-font)",
          "fontWeight": "300",
        }
      }
    >
      Home
    </p>
    <svg
      fill="currentColor"
      height="1em"
      stroke="currentColor"
      strokeWidth="0"
      style={
        Object {
          "color": undefined,
        }
      }
      viewBox="0 0 16 16"
      width="1em"
      xmlns="http://www.w3.org/2000/svg"
    >
      <path
        d="M8.932.727c-.243-.97-1.62-.97-1.864 0l-.071.286a.96.96 0 0 1-1.622.434l-.205-.211c-.695-.719-1.888-.03-1.613.931l.08.284a.96.96 0 0 1-1.186 1.187l-.284-.081c-.96-.275-1.65.918-.931 1.613l.211.205a.96.96 0 0 1-.434 1.622l-.286.071c-.97.243-.97 1.62 0 1.864l.286.071a.96.96 0 0 1 .434 1.622l-.211.205c-.719.695-.03 1.888.931 1.613l.284-.08a.96.96 0 0 1 1.187 1.187l-.081.283c-.275.96.918 1.65 1.613.931l.205-.211a.96.96 0 0 1 1.622.434l.071.286c.243.97 1.62.97 1.864 0l.071-.286a.96.96 0 0 1 1.622-.434l.205.211c.695.719 1.888.03 1.613-.931l-.08-.284a.96.96 0 0 1 1.187-1.187l.283.081c.96.275 1.65-.918.931-1.613l-.211-.205a.96.96 0 0 1 .434-1.622l.286-.071c.97-.243.97-1.62 0-1.864l-.286-.071a.96.96 0 0 1-.434-1.622l.211-.205c.719-.695.03-1.888-.931-1.613l-.284.08a.96.96 0 0 1-1.187-1.186l.081-.284c.275-.96-.918-1.65-1.613-.931l-.205.211a.96.96 0 0 1-1.622-.434L8.932.727zM8 12.997a4.998 4.998 0 1 1 0-9.995 4.998 4.998 0 0 1 0 9.996z"
      />
    </svg>
  </div>,
  <div
    style={
      Object {
        "backgroundColor": "var(--lighter-bc-color)",
        "height": "576.1706666666666px",
        "position": "relative",
      }
    }
  >
    <img
      alt=""
      src="covid-photo.jpg"
      style={
        Object {
          "width": "100%",
        }
      }
    />
    <div
      style={
        Object {
          "display": "flex",
          "flexDirection": "column",
          "position": "absolute",
          "right": "0.5rem",
          "top": "1rem",
        }
      }
    >
      <h1
        style={
          Object {
            "fontFamily": "var(--title-font)",
            "fontSize": "16px",
            "fontWeight": "500",
            "marginBottom": "0.5rem",
            "textAlign": "right",
          }
        }
      >
        Covid Tracker
      </h1>
      <h2
        style={
          Object {
            "fontFamily": "var(--title-font)",
            "fontSize": "12px",
            "fontWeight": "400",
            "textAlign": "right",
          }
        }
      >
        242758479
      </h2>
      <p
        style={
          Object {
            "fontFamily": "var(--title-font)",
            "fontSize": "14px",
            "fontWeight": "400",
            "textAlign": "right",
          }
        }
      >
        cases
      </p>
    </div>
  </div>,
  <div
    style={
      Object {
        "display": "flex",
        "flexDirection": "column",
      }
    }
  >
    <div
      style={
        Object {
          "background": "linear-gradient(90deg, rgba(57,88,146,1) 17%, rgba(85,132,219,1) 52%, rgba(57,88,146,1) 87%)",
          "padding": "0.5rem",
        }
      }
    >
      <h2
        style={
          Object {
            "fontFamily": "var(--title-font)",
            "fontSize": "14px",
            "fontWeight": "500",
          }
        }
      >
        Daily world cases
      </h2>
    </div>
    <div
      style={
        Object {
          "backgroundColor": "var(--lighter-bc-color)",
          "display": "flex",
          "padding": "0.5rem",
        }
      }
    >
      <div
        style={
          Object {
            "flexGrow": "1",
          }
        }
      >
        <h2
          style={
            Object {
              "fontFamily": "var(--title-font)",
              "fontSize": "12px",
              "fontWeight": "300",
              "textAlign": "center",
            }
          }
        >
          242758479
        </h2>
        <p
          style={
            Object {
              "fontFamily": "var(--title-font)",
              "fontSize": "12px",
              "fontWeight": "300",
              "marginBottom": "0.2rem",
              "textAlign": "center",
            }
          }
        >
          Confirmed cases
        </p>
      </div>
      <div
        style={
          Object {
            "flexGrow": "1",
          }
        }
      >
        <h2
          style={
            Object {
              "fontFamily": "var(--title-font)",
              "fontSize": "12px",
              "fontWeight": "300",
              "textAlign": "center",
            }
          }
        >
          4933709
        </h2>
        <p
          style={
            Object {
              "fontFamily": "var(--title-font)",
              "fontSize": "12px",
              "fontWeight": "300",
              "marginBottom": "0.2rem",
              "textAlign": "center",
            }
          }
        >
          Deaths
        </p>
      </div>
      <div
        style={
          Object {
            "flexGrow": "1",
          }
        }
      >
        <h2
          style={
            Object {
              "fontFamily": "var(--title-font)",
              "fontSize": "12px",
              "fontWeight": "300",
              "textAlign": "center",
            }
          }
        >
          540633
        </h2>
        <p
          style={
            Object {
              "fontFamily": "var(--title-font)",
              "fontSize": "12px",
              "fontWeight": "300",
              "marginBottom": "0.2rem",
              "textAlign": "center",
            }
          }
        >
          Today cases
        </p>
      </div>
      <div
        style={
          Object {
            "flexGrow": "1",
          }
        }
      >
        <h2
          style={
            Object {
              "fontFamily": "var(--title-font)",
              "fontSize": "12px",
              "fontWeight": "300",
              "textAlign": "center",
            }
          }
        >
          7228
        </h2>
        <p
          style={
            Object {
              "fontFamily": "var(--title-font)",
              "fontSize": "12px",
              "fontWeight": "300",
              "marginBottom": "0.2rem",
              "textAlign": "center",
            }
          }
        >
          Today deaths
        </p>
      </div>
    </div>
    <div
      style={
        Object {
          "backgroundColor": "var(--lighter-bc-color)",
          "display": "flex",
        }
      }
    >
      <div
        style={
          Object {
            "alignItems": "center",
            "backgroundColor": "var(--primary-bc-color)",
            "display": "flex",
            "flexGrow": "1",
            "justifyContent": "center",
            "padding": "0.5rem 0.25rem 0.5rem 0.5rem",
            "width": "50%",
          }
        }
      >
        <div
          style={
            Object {
              "marginRight": "0.5rem",
              "textAlign": "center",
            }
          }
        >
          <h2
            style={
              Object {
                "fontFamily": "var(--title-font)",
                "fontSize": "18px",
              }
            }
          >
            540633
          </h2>
          <p
            style={
              Object {
                "fontFamily": "var(--title-font)",
                "fontSize": "18px",
              }
            }
          >
            Infections
          </p>
        </div>
        <div>
          <p
            style={
              Object {
                "color": "var(--secundary-font-color)",
                "fontFamily": "var(--title-font)",
                "fontSize": "12px",
              }
            }
          >
            +0.2232%
            <svg
              fill="currentColor"
              height="1em"
              stroke="currentColor"
              strokeWidth="0"
              style={
                Object {
                  "color": undefined,
                  "marginLeft": "0.3rem",
                }
              }
              viewBox="0 0 12 16"
              width="1em"
              xmlns="http://www.w3.org/2000/svg"
            >
              <path
                d="M12 11L6 5l-6 6h12z"
                fillRule="evenodd"
              />
            </svg>
          </p>
          <p
            style={
              Object {
                "color": "var(--secundary-font-color)",
                "fontFamily": "var(--title-font)",
                "fontSize": "12px",
              }
            }
          >
            from yesterday
          </p>
        </div>
      </div>
      <div
        style={
          Object {
            "alignItems": "center",
            "backgroundColor": "var(--darker-bc-color)",
            "display": "flex",
            "flexGrow": "1",
            "justifyContent": "center",
            "padding": "0.5rem 0.5rem 0.5rem 0.25rem",
            "width": "50%",
          }
        }
      >
        <div
          style={
            Object {
              "marginRight": "0.5rem",
              "textAlign": "center",
            }
          }
        >
          <h2
            style={
              Object {
                "fontFamily": "var(--title-font)",
                "fontSize": "18px",
              }
            }
          >
            7228
          </h2>
          <p
            style={
              Object {
                "fontFamily": "var(--title-font)",
                "fontSize": "18px",
              }
            }
          >
            Deaths
          </p>
        </div>
        <div>
          <p
            style={
              Object {
                "color": "var(--secundary-font-color)",
                "fontFamily": "var(--title-font)",
                "fontSize": "12px",
              }
            }
          >
            +0.1467%
            <svg
              fill="currentColor"
              height="1em"
              stroke="currentColor"
              strokeWidth="0"
              style={
                Object {
                  "color": undefined,
                  "marginLeft": "0.3rem",
                }
              }
              viewBox="0 0 12 16"
              width="1em"
              xmlns="http://www.w3.org/2000/svg"
            >
              <path
                d="M12 11L6 5l-6 6h12z"
                fillRule="evenodd"
              />
            </svg>
          </p>
          <p
            style={
              Object {
                "color": "var(--secundary-font-color)",
                "fontFamily": "var(--title-font)",
                "fontSize": "12px",
              }
            }
          >
            from yesterday
          </p>
        </div>
      </div>
    </div>
  </div>,
  <div
    style={
      Object {
        "borderTop": "2px solid var(--darker-bc-color)",
        "color": "#fff",
        "display": "grid",
        "gridTemplateColumns": "1fr 1fr",
      }
    }
  >
    <a
      aria-current={null}
      className="active"
      href="/continent/Europe"
      onClick={[Function]}
    >
      <div
        style={
          Object {
            "alignItems": "flex-end",
            "backgroundColor": "var(--lighter-bc-color)",
            "display": "flex",
            "flexDirection": "column",
            "flexGrow": "2",
            "padding": "0.5rem",
            "width": "100%",
          }
        }
      >
        <svg
          fill="currentColor"
          height="1em"
          stroke="currentColor"
          strokeWidth="0"
          style={
            Object {
              "color": undefined,
            }
          }
          viewBox="0 0 16 16"
          width="1em"
          xmlns="http://www.w3.org/2000/svg"
        >
          <path
            d="M1 8a7 7 0 1 0 14 0A7 7 0 0 0 1 8zm15 0A8 8 0 1 1 0 8a8 8 0 0 1 16 0zM4.5 7.5a.5.5 0 0 0 0 1h5.793l-2.147 2.146a.5.5 0 0 0 .708.708l3-3a.5.5 0 0 0 0-.708l-3-3a.5.5 0 1 0-.708.708L10.293 7.5H4.5z"
            fillRule="evenodd"
          />
        </svg>
        <div
          style={
            Object {
              "alignItems": "flex-end",
              "display": "flex",
              "flexDirection": "column",
            }
          }
        >
          <h2
            style={
              Object {
                "fontSize": "14px",
              }
            }
          >
            Europe
          </h2>
          <p
            style={
              Object {
                "fontSize": "14px",
                "fontWeight": "600",
              }
            }
          >
            view more
          </p>
        </div>
      </div>
    </a>
    <a
      aria-current={null}
      className="active"
      href="/continent/Asia"
      onClick={[Function]}
    >
      <div
        style={
          Object {
            "alignItems": "flex-end",
            "backgroundColor": "var(--medium-bc-color)",
            "display": "flex",
            "flexDirection": "column",
            "flexGrow": "2",
            "padding": "0.5rem",
            "width": "100%",
          }
        }
      >
        <svg
          fill="currentColor"
          height="1em"
          stroke="currentColor"
          strokeWidth="0"
          style={
            Object {
              "color": undefined,
            }
          }
          viewBox="0 0 16 16"
          width="1em"
          xmlns="http://www.w3.org/2000/svg"
        >
          <path
            d="M1 8a7 7 0 1 0 14 0A7 7 0 0 0 1 8zm15 0A8 8 0 1 1 0 8a8 8 0 0 1 16 0zM4.5 7.5a.5.5 0 0 0 0 1h5.793l-2.147 2.146a.5.5 0 0 0 .708.708l3-3a.5.5 0 0 0 0-.708l-3-3a.5.5 0 1 0-.708.708L10.293 7.5H4.5z"
            fillRule="evenodd"
          />
        </svg>
        <div
          style={
            Object {
              "alignItems": "flex-end",
              "display": "flex",
              "flexDirection": "column",
            }
          }
        >
          <h2
            style={
              Object {
                "fontSize": "14px",
              }
            }
          >
            Asia
          </h2>
          <p
            style={
              Object {
                "fontSize": "14px",
                "fontWeight": "600",
              }
            }
          >
            view more
          </p>
        </div>
      </div>
    </a>
    <a
      aria-current={null}
      className="active"
      href="/continent/North America"
      onClick={[Function]}
    >
      <div
        style={
          Object {
            "alignItems": "flex-end",
            "backgroundColor": "var(--primary-bc-color)",
            "display": "flex",
            "flexDirection": "column",
            "flexGrow": "2",
            "padding": "0.5rem",
            "width": "100%",
          }
        }
      >
        <svg
          fill="currentColor"
          height="1em"
          stroke="currentColor"
          strokeWidth="0"
          style={
            Object {
              "color": undefined,
            }
          }
          viewBox="0 0 16 16"
          width="1em"
          xmlns="http://www.w3.org/2000/svg"
        >
          <path
            d="M1 8a7 7 0 1 0 14 0A7 7 0 0 0 1 8zm15 0A8 8 0 1 1 0 8a8 8 0 0 1 16 0zM4.5 7.5a.5.5 0 0 0 0 1h5.793l-2.147 2.146a.5.5 0 0 0 .708.708l3-3a.5.5 0 0 0 0-.708l-3-3a.5.5 0 1 0-.708.708L10.293 7.5H4.5z"
            fillRule="evenodd"
          />
        </svg>
        <div
          style={
            Object {
              "alignItems": "flex-end",
              "display": "flex",
              "flexDirection": "column",
            }
          }
        >
          <h2
            style={
              Object {
                "fontSize": "14px",
              }
            }
          >
            North America
          </h2>
          <p
            style={
              Object {
                "fontSize": "14px",
                "fontWeight": "600",
              }
            }
          >
            view more
          </p>
        </div>
      </div>
    </a>
    <a
      aria-current={null}
      className="active"
      href="/continent/South America"
      onClick={[Function]}
    >
      <div
        style={
          Object {
            "alignItems": "flex-end",
            "backgroundColor": "var(--darker-bc-color)",
            "display": "flex",
            "flexDirection": "column",
            "flexGrow": "2",
            "padding": "0.5rem",
            "width": "100%",
          }
        }
      >
        <svg
          fill="currentColor"
          height="1em"
          stroke="currentColor"
          strokeWidth="0"
          style={
            Object {
              "color": undefined,
            }
          }
          viewBox="0 0 16 16"
          width="1em"
          xmlns="http://www.w3.org/2000/svg"
        >
          <path
            d="M1 8a7 7 0 1 0 14 0A7 7 0 0 0 1 8zm15 0A8 8 0 1 1 0 8a8 8 0 0 1 16 0zM4.5 7.5a.5.5 0 0 0 0 1h5.793l-2.147 2.146a.5.5 0 0 0 .708.708l3-3a.5.5 0 0 0 0-.708l-3-3a.5.5 0 1 0-.708.708L10.293 7.5H4.5z"
            fillRule="evenodd"
          />
        </svg>
        <div
          style={
            Object {
              "alignItems": "flex-end",
              "display": "flex",
              "flexDirection": "column",
            }
          }
        >
          <h2
            style={
              Object {
                "fontSize": "14px",
              }
            }
          >
            South America
          </h2>
          <p
            style={
              Object {
                "fontSize": "14px",
                "fontWeight": "600",
              }
            }
          >
            view more
          </p>
        </div>
      </div>
    </a>
    <a
      aria-current={null}
      className="active"
      href="/continent/Africa"
      onClick={[Function]}
    >
      <div
        style={
          Object {
            "alignItems": "flex-end",
            "backgroundColor": "var(--lighter-bc-color)",
            "display": "flex",
            "flexDirection": "column",
            "flexGrow": "2",
            "padding": "0.5rem",
            "width": "100%",
          }
        }
      >
        <svg
          fill="currentColor"
          height="1em"
          stroke="currentColor"
          strokeWidth="0"
          style={
            Object {
              "color": undefined,
            }
          }
          viewBox="0 0 16 16"
          width="1em"
          xmlns="http://www.w3.org/2000/svg"
        >
          <path
            d="M1 8a7 7 0 1 0 14 0A7 7 0 0 0 1 8zm15 0A8 8 0 1 1 0 8a8 8 0 0 1 16 0zM4.5 7.5a.5.5 0 0 0 0 1h5.793l-2.147 2.146a.5.5 0 0 0 .708.708l3-3a.5.5 0 0 0 0-.708l-3-3a.5.5 0 1 0-.708.708L10.293 7.5H4.5z"
            fillRule="evenodd"
          />
        </svg>
        <div
          style={
            Object {
              "alignItems": "flex-end",
              "display": "flex",
              "flexDirection": "column",
            }
          }
        >
          <h2
            style={
              Object {
                "fontSize": "14px",
              }
            }
          >
            Africa
          </h2>
          <p
            style={
              Object {
                "fontSize": "14px",
                "fontWeight": "600",
              }
            }
          >
            view more
          </p>
        </div>
      </div>
    </a>
    <a
      aria-current={null}
      className="active"
      href="/continent/Australia"
      onClick={[Function]}
    >
      <div
        style={
          Object {
            "alignItems": "flex-end",
            "backgroundColor": "var(--medium-bc-color)",
            "display": "flex",
            "flexDirection": "column",
            "flexGrow": "2",
            "padding": "0.5rem",
            "width": "100%",
          }
        }
      >
        <svg
          fill="currentColor"
          height="1em"
          stroke="currentColor"
          strokeWidth="0"
          style={
            Object {
              "color": undefined,
            }
          }
          viewBox="0 0 16 16"
          width="1em"
          xmlns="http://www.w3.org/2000/svg"
        >
          <path
            d="M1 8a7 7 0 1 0 14 0A7 7 0 0 0 1 8zm15 0A8 8 0 1 1 0 8a8 8 0 0 1 16 0zM4.5 7.5a.5.5 0 0 0 0 1h5.793l-2.147 2.146a.5.5 0 0 0 .708.708l3-3a.5.5 0 0 0 0-.708l-3-3a.5.5 0 1 0-.708.708L10.293 7.5H4.5z"
            fillRule="evenodd"
          />
        </svg>
        <div
          style={
            Object {
              "alignItems": "flex-end",
              "display": "flex",
              "flexDirection": "column",
            }
          }
        >
          <h2
            style={
              Object {
                "fontSize": "14px",
              }
            }
          >
            Australia
          </h2>
          <p
            style={
              Object {
                "fontSize": "14px",
                "fontWeight": "600",
              }
            }
          >
            view more
          </p>
        </div>
      </div>
    </a>
  </div>,
]
`;
